<!DOCTYPE html>
<html lang="en">
 <head>
  <title>
   Eprimer - e-prime checking tool
  </title>
  <script src="eprime.js">
  </script>
  <link href="https://fonts.googleapis.com/css?family=Lato|Lobster" rel="stylesheet"/>
  <link href="style.css" rel="stylesheet"/>
 </head>
 <body>
  <div class="page">
   <img src="./eviltester.png" width="100%"/>
   <br/>
   <code>
    This test target is from collections of
    <a href="https://github.com/eviltester/TestingApp">
     Alan Richardson, eviltester
    </a>
    , a brilliant exploratory tester.
   </code>
   <div class="listpageintro">
    <h1>
     E-Primer an e-prime checking tool
    </h1>
    <p>
     Do you want to write without using the verb "to be"?
    </p>
    <p>
     Do you want to master
     <a href="http://en.wikipedia.org/wiki/E-Prime" rel="nofollow" target="_blank">
      e-prime
     </a>
     ?
    </p>
    <p>
     Use our online tool to check your writing.
    </p>
   </div>
   <div id="app">
    <div id="statistics">
     <ul>
      <li>
       Word Count:
       <span id="test_number_1">
       </span>
      </li>
      <li>
       Discouraged Words:
       <span id="test_number_2">
       </span>
      </li>
      <li>
       Possible Violations:
       <span id="test_number_3">
       </span>
      </li>
     </ul>
    </div>
    <div class="eprime_text" id="eprimeoutput">
    </div>
    <label for="eprime_text">
     Text:
    </label>
    <br>
     <textarea cols="60" id="test_field" rows="5"></textarea>
     <br/>
     <button id="test_button" onclick="processInputText();">
      Check For E-Prime
     </button>
    </br>
   </div>
  </div>
 </body>
</html>
